C:\Users\nleig\Documents\GitHub\Openthesia\Openthesia\Openthesia\Ui\PianoRenderer.cs(108,35): error CS1501: No overload for method 'GetNoteName' takes 1 arguments [C:\Users\nleig\Documents\GitHub\Openthesia\Openthesia\Openthesia\Openthesia.csproj]
C:\Users\nleig\Documents\GitHub\Openthesia\Openthesia\Openthesia\Ui\PianoRenderer.cs(109,107): error CS1503: Argument 1: cannot convert from 'Melanchall.DryWetMidi.MusicTheory.NoteName' to 'System.ReadOnlySpan<char>' [C:\Users\nleig\Documents\GitHub\Openthesia\Openthesia\Openthesia\Openthesia.csproj]
C:\Users\nleig\Documents\GitHub\Openthesia\Openthesia\Openthesia\Ui\PianoRenderer.cs(184,39): error CS1501: No overload for method 'GetNoteName' takes 1 arguments [C:\Users\nleig\Documents\GitHub\Openthesia\Openthesia\Openthesia\Openthesia.csproj]
C:\Users\nleig\Documents\GitHub\Openthesia\Openthesia\Openthesia\Ui\PianoRenderer.cs(185,106): error CS1503: Argument 1: cannot convert from 'Melanchall.DryWetMidi.MusicTheory.NoteName' to 'System.ReadOnlySpan<char>' [C:\Users\nleig\Documents\GitHub\Openthesia\Openthesia\Openthesia\Openthesia.csproj]
C:\Users\nleig\Documents\GitHub\Openthesia\Openthesia\Openthesia\Ui\ScreenCanvas.cs(422,31): error CS0136: A local or parameter named 'alpha' cannot be declared in this scope because that name is used in an enclosing local scope to define a local or parameter [C:\Users\nleig\Documents\GitHub\Openthesia\Openthesia\Openthesia\Openthesia.csproj]
C:\Users\nleig\Documents\GitHub\Openthesia\Openthesia\Openthesia\Ui\ScreenCanvas.cs(474,31): error CS0136: A local or parameter named 'alpha' cannot be declared in this scope because that name is used in an enclosing local scope to define a local or parameter [C:\Users\nleig\Documents\GitHub\Openthesia\Openthesia\Openthesia\Openthesia.csproj]

Build FAILED.
    142 Warning(s)
    6 Error(s)

Time Elapsed 00:00:00.76
