  Determining projects to restore...
C:\Program Files\dotnet\sdk\10.0.201\Sdks\Microsoft.NET.Sdk\targets\Microsoft.NET.EolTargetFrameworks.targets(32,5): warning NETSDK1138: The target framework 'net6.0' is out of support and will not receive security updates in the future. Please refer to https://aka.ms/dotnet-core-support for more information about the support policy. [C:\Users\nleig\Documents\GitHub\Openthesia\Openthesia\Openthesia\Openthesia.csproj]
C:\Program Files\dotnet\sdk\10.0.201\Sdks\Microsoft.NET.Sdk\targets\Microsoft.NET.EolTargetFrameworks.targets(32,5): warning NETSDK1138: The target framework 'net6.0' is out of support and will not receive security updates in the future. Please refer to https://aka.ms/dotnet-core-support for more information about the support policy. [C:\Users\nleig\Documents\GitHub\Openthesia\Openthesia\Openthesia\Openthesia.csproj]
  All projects are up-to-date for restore.
C:\Program Files\dotnet\sdk\10.0.201\Sdks\Microsoft.NET.Sdk\targets\Microsoft.NET.EolTargetFrameworks.targets(32,5): warning NETSDK1138: The target framework 'net6.0' is out of support and will not receive security updates in the future. Please refer to https://aka.ms/dotnet-core-support for more information about the support policy. [C:\Users\nleig\Documents\GitHub\Openthesia\Openthesia\Openthesia\Openthesia.csproj]
C:\Program Files\dotnet\sdk\10.0.201\Microsoft.Common.CurrentVersion.targets(2451,5): warning MSB3277: Found conflicts between different versions of "Microsoft.VisualBasic" that could not be resolved. [C:\Users\nleig\Documents\GitHub\Openthesia\Openthesia\Openthesia\Openthesia.csproj]
C:\Program Files\dotnet\sdk\10.0.201\Microsoft.Common.CurrentVersion.targets(2451,5): warning MSB3277: There was a conflict between "Microsoft.VisualBasic, Version=10.0.0.0, Culture=neutral, PublicKeyToken=b03f5f7f11d50a3a" and "Microsoft.VisualBasic, Version=10.1.0.0, Culture=neutral, PublicKeyToken=b03f5f7f11d50a3a". [C:\Users\nleig\Documents\GitHub\Openthesia\Openthesia\Openthesia\Openthesia.csproj]
C:\Program Files\dotnet\sdk\10.0.201\Microsoft.Common.CurrentVersion.targets(2451,5): warning MSB3277:     "Microsoft.VisualBasic, Version=10.0.0.0, Culture=neutral, PublicKeyToken=b03f5f7f11d50a3a" was chosen because it was primary and "Microsoft.VisualBasic, Version=10.1.0.0, Culture=neutral, PublicKeyToken=b03f5f7f11d50a3a" was not. [C:\Users\nleig\Documents\GitHub\Openthesia\Openthesia\Openthesia\Openthesia.csproj]
C:\Program Files\dotnet\sdk\10.0.201\Microsoft.Common.CurrentVersion.targets(2451,5): warning MSB3277:     References which depend on "Microsoft.VisualBasic, Version=10.0.0.0, Culture=neutral, PublicKeyToken=b03f5f7f11d50a3a" [C:\Users\nleig\.nuget\packages\microsoft.netcore.app.ref\6.0.36\ref\net6.0\Microsoft.VisualBasic.dll]. [C:\Users\nleig\Documents\GitHub\Openthesia\Openthesia\Openthesia\Openthesia.csproj]
C:\Program Files\dotnet\sdk\10.0.201\Microsoft.Common.CurrentVersion.targets(2451,5): warning MSB3277:         C:\Users\nleig\.nuget\packages\microsoft.netcore.app.ref\6.0.36\ref\net6.0\Microsoft.VisualBasic.dll [C:\Users\nleig\Documents\GitHub\Openthesia\Openthesia\Openthesia\Openthesia.csproj]
C:\Program Files\dotnet\sdk\10.0.201\Microsoft.Common.CurrentVersion.targets(2451,5): warning MSB3277:           Project file item includes which caused reference "C:\Users\nleig\.nuget\packages\microsoft.netcore.app.ref\6.0.36\ref\net6.0\Microsoft.VisualBasic.dll". [C:\Users\nleig\Documents\GitHub\Openthesia\Openthesia\Openthesia\Openthesia.csproj]
C:\Program Files\dotnet\sdk\10.0.201\Microsoft.Common.CurrentVersion.targets(2451,5): warning MSB3277:             C:\Users\nleig\.nuget\packages\microsoft.netcore.app.ref\6.0.36\ref/net6.0/Microsoft.VisualBasic.dll [C:\Users\nleig\Documents\GitHub\Openthesia\Openthesia\Openthesia\Openthesia.csproj]
C:\Program Files\dotnet\sdk\10.0.201\Microsoft.Common.CurrentVersion.targets(2451,5): warning MSB3277:     References which depend on or have been unified to "Microsoft.VisualBasic, Version=10.1.0.0, Culture=neutral, PublicKeyToken=b03f5f7f11d50a3a" []. [C:\Users\nleig\Documents\GitHub\Openthesia\Openthesia\Openthesia\Openthesia.csproj]
C:\Program Files\dotnet\sdk\10.0.201\Microsoft.Common.CurrentVersion.targets(2451,5): warning MSB3277:         C:\Users\nleig\.nuget\packages\vst.net2-host\2.1.0\lib\net6.0\x64\Jacobi.Vst.Host.Interop.dll [C:\Users\nleig\Documents\GitHub\Openthesia\Openthesia\Openthesia\Openthesia.csproj]
C:\Program Files\dotnet\sdk\10.0.201\Microsoft.Common.CurrentVersion.targets(2451,5): warning MSB3277:           Project file item includes which caused reference "C:\Users\nleig\.nuget\packages\vst.net2-host\2.1.0\lib\net6.0\x64\Jacobi.Vst.Host.Interop.dll". [C:\Users\nleig\Documents\GitHub\Openthesia\Openthesia\Openthesia\Openthesia.csproj]
C:\Program Files\dotnet\sdk\10.0.201\Microsoft.Common.CurrentVersion.targets(2451,5): warning MSB3277:             Jacobi.Vst.Host.Interop [C:\Users\nleig\Documents\GitHub\Openthesia\Openthesia\Openthesia\Openthesia.csproj]
C:\Program Files\dotnet\sdk\10.0.201\Microsoft.Common.CurrentVersion.targets(2451,5): warning MSB3277: Found conflicts between different versions of "System.Drawing" that could not be resolved. [C:\Users\nleig\Documents\GitHub\Openthesia\Openthesia\Openthesia\Openthesia.csproj]
C:\Program Files\dotnet\sdk\10.0.201\Microsoft.Common.CurrentVersion.targets(2451,5): warning MSB3277: There was a conflict between "System.Drawing, Version=4.0.0.0, Culture=neutral, PublicKeyToken=b03f5f7f11d50a3a" and "System.Drawing, Version=6.0.2.0, Culture=neutral, PublicKeyToken=b03f5f7f11d50a3a". [C:\Users\nleig\Documents\GitHub\Openthesia\Openthesia\Openthesia\Openthesia.csproj]
C:\Program Files\dotnet\sdk\10.0.201\Microsoft.Common.CurrentVersion.targets(2451,5): warning MSB3277:     "System.Drawing, Version=4.0.0.0, Culture=neutral, PublicKeyToken=b03f5f7f11d50a3a" was chosen because it was primary and "System.Drawing, Version=6.0.2.0, Culture=neutral, PublicKeyToken=b03f5f7f11d50a3a" was not. [C:\Users\nleig\Documents\GitHub\Openthesia\Openthesia\Openthesia\Openthesia.csproj]
C:\Program Files\dotnet\sdk\10.0.201\Microsoft.Common.CurrentVersion.targets(2451,5): warning MSB3277:     References which depend on "System.Drawing, Version=4.0.0.0, Culture=neutral, PublicKeyToken=b03f5f7f11d50a3a" [C:\Users\nleig\.nuget\packages\microsoft.netcore.app.ref\6.0.36\ref\net6.0\System.Drawing.dll]. [C:\Users\nleig\Documents\GitHub\Openthesia\Openthesia\Openthesia\Openthesia.csproj]
C:\Program Files\dotnet\sdk\10.0.201\Microsoft.Common.CurrentVersion.targets(2451,5): warning MSB3277:         C:\Users\nleig\.nuget\packages\microsoft.netcore.app.ref\6.0.36\ref\net6.0\System.Drawing.dll [C:\Users\nleig\Documents\GitHub\Openthesia\Openthesia\Openthesia\Openthesia.csproj]
C:\Program Files\dotnet\sdk\10.0.201\Microsoft.Common.CurrentVersion.targets(2451,5): warning MSB3277:           Project file item includes which caused reference "C:\Users\nleig\.nuget\packages\microsoft.netcore.app.ref\6.0.36\ref\net6.0\System.Drawing.dll". [C:\Users\nleig\Documents\GitHub\Openthesia\Openthesia\Openthesia\Openthesia.csproj]
C:\Program Files\dotnet\sdk\10.0.201\Microsoft.Common.CurrentVersion.targets(2451,5): warning MSB3277:             C:\Users\nleig\.nuget\packages\microsoft.netcore.app.ref\6.0.36\ref/net6.0/System.Drawing.dll [C:\Users\nleig\Documents\GitHub\Openthesia\Openthesia\Openthesia\Openthesia.csproj]
C:\Program Files\dotnet\sdk\10.0.201\Microsoft.Common.CurrentVersion.targets(2451,5): warning MSB3277:     References which depend on or have been unified to "System.Drawing, Version=6.0.2.0, Culture=neutral, PublicKeyToken=b03f5f7f11d50a3a" []. [C:\Users\nleig\Documents\GitHub\Openthesia\Openthesia\Openthesia\Openthesia.csproj]
C:\Program Files\dotnet\sdk\10.0.201\Microsoft.Common.CurrentVersion.targets(2451,5): warning MSB3277:         C:\Users\nleig\.nuget\packages\vst.net2-host\2.1.0\lib\net6.0\x64\Jacobi.Vst.Host.Interop.dll [C:\Users\nleig\Documents\GitHub\Openthesia\Openthesia\Openthesia\Openthesia.csproj]
C:\Program Files\dotnet\sdk\10.0.201\Microsoft.Common.CurrentVersion.targets(2451,5): warning MSB3277:           Project file item includes which caused reference "C:\Users\nleig\.nuget\packages\vst.net2-host\2.1.0\lib\net6.0\x64\Jacobi.Vst.Host.Interop.dll". [C:\Users\nleig\Documents\GitHub\Openthesia\Openthesia\Openthesia\Openthesia.csproj]
C:\Program Files\dotnet\sdk\10.0.201\Microsoft.Common.CurrentVersion.targets(2451,5): warning MSB3277:             Jacobi.Vst.Host.Interop [C:\Users\nleig\Documents\GitHub\Openthesia\Openthesia\Openthesia\Openthesia.csproj]
C:\Users\nleig\Documents\GitHub\Openthesia\Openthesia\Openthesia\Ui\ScreenCanvas.cs(238,9): error CS0106: The modifier 'static' is not valid for this item [C:\Users\nleig\Documents\GitHub\Openthesia\Openthesia\Openthesia\Openthesia.csproj]

Build FAILED.

C:\Program Files\dotnet\sdk\10.0.201\Sdks\Microsoft.NET.Sdk\targets\Microsoft.NET.EolTargetFrameworks.targets(32,5): warning NETSDK1138: The target framework 'net6.0' is out of support and will not receive security updates in the future. Please refer to https://aka.ms/dotnet-core-support for more information about the support policy. [C:\Users\nleig\Documents\GitHub\Openthesia\Openthesia\Openthesia\Openthesia.csproj]
C:\Program Files\dotnet\sdk\10.0.201\Sdks\Microsoft.NET.Sdk\targets\Microsoft.NET.EolTargetFrameworks.targets(32,5): warning NETSDK1138: The target framework 'net6.0' is out of support and will not receive security updates in the future. Please refer to https://aka.ms/dotnet-core-support for more information about the support policy. [C:\Users\nleig\Documents\GitHub\Openthesia\Openthesia\Openthesia\Openthesia.csproj]
C:\Program Files\dotnet\sdk\10.0.201\Sdks\Microsoft.NET.Sdk\targets\Microsoft.NET.EolTargetFrameworks.targets(32,5): warning NETSDK1138: The target framework 'net6.0' is out of support and will not receive security updates in the future. Please refer to https://aka.ms/dotnet-core-support for more information about the support policy. [C:\Users\nleig\Documents\GitHub\Openthesia\Openthesia\Openthesia\Openthesia.csproj]
C:\Program Files\dotnet\sdk\10.0.201\Microsoft.Common.CurrentVersion.targets(2451,5): warning MSB3277: Found conflicts between different versions of "Microsoft.VisualBasic" that could not be resolved. [C:\Users\nleig\Documents\GitHub\Openthesia\Openthesia\Openthesia\Openthesia.csproj]
C:\Program Files\dotnet\sdk\10.0.201\Microsoft.Common.CurrentVersion.targets(2451,5): warning MSB3277: There was a conflict between "Microsoft.VisualBasic, Version=10.0.0.0, Culture=neutral, PublicKeyToken=b03f5f7f11d50a3a" and "Microsoft.VisualBasic, Version=10.1.0.0, Culture=neutral, PublicKeyToken=b03f5f7f11d50a3a". [C:\Users\nleig\Documents\GitHub\Openthesia\Openthesia\Openthesia\Openthesia.csproj]
C:\Program Files\dotnet\sdk\10.0.201\Microsoft.Common.CurrentVersion.targets(2451,5): warning MSB3277:     "Microsoft.VisualBasic, Version=10.0.0.0, Culture=neutral, PublicKeyToken=b03f5f7f11d50a3a" was chosen because it was primary and "Microsoft.VisualBasic, Version=10.1.0.0, Culture=neutral, PublicKeyToken=b03f5f7f11d50a3a" was not. [C:\Users\nleig\Documents\GitHub\Openthesia\Openthesia\Openthesia\Openthesia.csproj]
C:\Program Files\dotnet\sdk\10.0.201\Microsoft.Common.CurrentVersion.targets(2451,5): warning MSB3277:     References which depend on "Microsoft.VisualBasic, Version=10.0.0.0, Culture=neutral, PublicKeyToken=b03f5f7f11d50a3a" [C:\Users\nleig\.nuget\packages\microsoft.netcore.app.ref\6.0.36\ref\net6.0\Microsoft.VisualBasic.dll]. [C:\Users\nleig\Documents\GitHub\Openthesia\Openthesia\Openthesia\Openthesia.csproj]
C:\Program Files\dotnet\sdk\10.0.201\Microsoft.Common.CurrentVersion.targets(2451,5): warning MSB3277:         C:\Users\nleig\.nuget\packages\microsoft.netcore.app.ref\6.0.36\ref\net6.0\Microsoft.VisualBasic.dll [C:\Users\nleig\Documents\GitHub\Openthesia\Openthesia\Openthesia\Openthesia.csproj]
C:\Program Files\dotnet\sdk\10.0.201\Microsoft.Common.CurrentVersion.targets(2451,5): warning MSB3277:           Project file item includes which caused reference "C:\Users\nleig\.nuget\packages\microsoft.netcore.app.ref\6.0.36\ref\net6.0\Microsoft.VisualBasic.dll". [C:\Users\nleig\Documents\GitHub\Openthesia\Openthesia\Openthesia\Openthesia.csproj]
C:\Program Files\dotnet\sdk\10.0.201\Microsoft.Common.CurrentVersion.targets(2451,5): warning MSB3277:             C:\Users\nleig\.nuget\packages\microsoft.netcore.app.ref\6.0.36\ref/net6.0/Microsoft.VisualBasic.dll [C:\Users\nleig\Documents\GitHub\Openthesia\Openthesia\Openthesia\Openthesia.csproj]
C:\Program Files\dotnet\sdk\10.0.201\Microsoft.Common.CurrentVersion.targets(2451,5): warning MSB3277:     References which depend on or have been unified to "Microsoft.VisualBasic, Version=10.1.0.0, Culture=neutral, PublicKeyToken=b03f5f7f11d50a3a" []. [C:\Users\nleig\Documents\GitHub\Openthesia\Openthesia\Openthesia\Openthesia.csproj]
C:\Program Files\dotnet\sdk\10.0.201\Microsoft.Common.CurrentVersion.targets(2451,5): warning MSB3277:         C:\Users\nleig\.nuget\packages\vst.net2-host\2.1.0\lib\net6.0\x64\Jacobi.Vst.Host.Interop.dll [C:\Users\nleig\Documents\GitHub\Openthesia\Openthesia\Openthesia\Openthesia.csproj]
C:\Program Files\dotnet\sdk\10.0.201\Microsoft.Common.CurrentVersion.targets(2451,5): warning MSB3277:           Project file item includes which caused reference "C:\Users\nleig\.nuget\packages\vst.net2-host\2.1.0\lib\net6.0\x64\Jacobi.Vst.Host.Interop.dll". [C:\Users\nleig\Documents\GitHub\Openthesia\Openthesia\Openthesia\Openthesia.csproj]
C:\Program Files\dotnet\sdk\10.0.201\Microsoft.Common.CurrentVersion.targets(2451,5): warning MSB3277:             Jacobi.Vst.Host.Interop [C:\Users\nleig\Documents\GitHub\Openthesia\Openthesia\Openthesia\Openthesia.csproj]
C:\Program Files\dotnet\sdk\10.0.201\Microsoft.Common.CurrentVersion.targets(2451,5): warning MSB3277: Found conflicts between different versions of "System.Drawing" that could not be resolved. [C:\Users\nleig\Documents\GitHub\Openthesia\Openthesia\Openthesia\Openthesia.csproj]
C:\Program Files\dotnet\sdk\10.0.201\Microsoft.Common.CurrentVersion.targets(2451,5): warning MSB3277: There was a conflict between "System.Drawing, Version=4.0.0.0, Culture=neutral, PublicKeyToken=b03f5f7f11d50a3a" and "System.Drawing, Version=6.0.2.0, Culture=neutral, PublicKeyToken=b03f5f7f11d50a3a". [C:\Users\nleig\Documents\GitHub\Openthesia\Openthesia\Openthesia\Openthesia.csproj]
C:\Program Files\dotnet\sdk\10.0.201\Microsoft.Common.CurrentVersion.targets(2451,5): warning MSB3277:     "System.Drawing, Version=4.0.0.0, Culture=neutral, PublicKeyToken=b03f5f7f11d50a3a" was chosen because it was primary and "System.Drawing, Version=6.0.2.0, Culture=neutral, PublicKeyToken=b03f5f7f11d50a3a" was not. [C:\Users\nleig\Documents\GitHub\Openthesia\Openthesia\Openthesia\Openthesia.csproj]
C:\Program Files\dotnet\sdk\10.0.201\Microsoft.Common.CurrentVersion.targets(2451,5): warning MSB3277:     References which depend on "System.Drawing, Version=4.0.0.0, Culture=neutral, PublicKeyToken=b03f5f7f11d50a3a" [C:\Users\nleig\.nuget\packages\microsoft.netcore.app.ref\6.0.36\ref\net6.0\System.Drawing.dll]. [C:\Users\nleig\Documents\GitHub\Openthesia\Openthesia\Openthesia\Openthesia.csproj]
C:\Program Files\dotnet\sdk\10.0.201\Microsoft.Common.CurrentVersion.targets(2451,5): warning MSB3277:         C:\Users\nleig\.nuget\packages\microsoft.netcore.app.ref\6.0.36\ref\net6.0\System.Drawing.dll [C:\Users\nleig\Documents\GitHub\Openthesia\Openthesia\Openthesia\Openthesia.csproj]
C:\Program Files\dotnet\sdk\10.0.201\Microsoft.Common.CurrentVersion.targets(2451,5): warning MSB3277:           Project file item includes which caused reference "C:\Users\nleig\.nuget\packages\microsoft.netcore.app.ref\6.0.36\ref\net6.0\System.Drawing.dll". [C:\Users\nleig\Documents\GitHub\Openthesia\Openthesia\Openthesia\Openthesia.csproj]
C:\Program Files\dotnet\sdk\10.0.201\Microsoft.Common.CurrentVersion.targets(2451,5): warning MSB3277:             C:\Users\nleig\.nuget\packages\microsoft.netcore.app.ref\6.0.36\ref/net6.0/System.Drawing.dll [C:\Users\nleig\Documents\GitHub\Openthesia\Openthesia\Openthesia\Openthesia.csproj]
C:\Program Files\dotnet\sdk\10.0.201\Microsoft.Common.CurrentVersion.targets(2451,5): warning MSB3277:     References which depend on or have been unified to "System.Drawing, Version=6.0.2.0, Culture=neutral, PublicKeyToken=b03f5f7f11d50a3a" []. [C:\Users\nleig\Documents\GitHub\Openthesia\Openthesia\Openthesia\Openthesia.csproj]
C:\Program Files\dotnet\sdk\10.0.201\Microsoft.Common.CurrentVersion.targets(2451,5): warning MSB3277:         C:\Users\nleig\.nuget\packages\vst.net2-host\2.1.0\lib\net6.0\x64\Jacobi.Vst.Host.Interop.dll [C:\Users\nleig\Documents\GitHub\Openthesia\Openthesia\Openthesia\Openthesia.csproj]
C:\Program Files\dotnet\sdk\10.0.201\Microsoft.Common.CurrentVersion.targets(2451,5): warning MSB3277:           Project file item includes which caused reference "C:\Users\nleig\.nuget\packages\vst.net2-host\2.1.0\lib\net6.0\x64\Jacobi.Vst.Host.Interop.dll". [C:\Users\nleig\Documents\GitHub\Openthesia\Openthesia\Openthesia\Openthesia.csproj]
C:\Program Files\dotnet\sdk\10.0.201\Microsoft.Common.CurrentVersion.targets(2451,5): warning MSB3277:             Jacobi.Vst.Host.Interop [C:\Users\nleig\Documents\GitHub\Openthesia\Openthesia\Openthesia\Openthesia.csproj]
C:\Users\nleig\Documents\GitHub\Openthesia\Openthesia\Openthesia\Ui\ScreenCanvas.cs(238,9): error CS0106: The modifier 'static' is not valid for this item [C:\Users\nleig\Documents\GitHub\Openthesia\Openthesia\Openthesia\Openthesia.csproj]
    5 Warning(s)
    1 Error(s)

Time Elapsed 00:00:00.62
